Microchip MPLAB XC8 Compiler V3.00

Linker command line:

-W-3 --edf=/Applications/microchip/xc8/v3.00/pic/dat/20241204225717_en.msgs \
  -cn -h+dist/default/debug/Lab4.X.debug.sym \
  --cmf=dist/default/debug/Lab4.X.debug.cmf -z -Q18F4550 \
  -o/tmp/xcgqjGhkP/driver_tmp_3.o --defsym=__MPLAB_BUILD=1 \
  --fixupoverflow=error -Mdist/default/debug/Lab4.X.debug.map \
  --md=/tmp/xcgqjGhkP/driver_tmp_0.dat -E1 -ver=XC8 Compiler \
  -ACODE=00h-07D3Fh -ACONST=00h-07D3Fh \
  -ASMALLCONST=0800h-08FFhx117,07D00h-07D3Fh -AMEDIUMCONST=0800h-07D3Fh \
  -ACOMRAM=01h-05Fh -AABS1=00h-03EEh,0400h-07FFh \
  -ABIGRAM=01h-03EEh,0400h-07FFh \
  -ARAM=060h-0FFh,0100h-01FFhx2,0300h-03EEh,0400h-04FFhx4 -ABANK0=060h-0FFh \
  -ABANK1=0100h-01FFh -ABANK2=0200h-02FFh -ABANK3=0300h-03EEh \
  -ABANK4=0400h-04FFh -ABANK5=0500h-05FFh -ABANK6=0600h-06FFh \
  -ABANK7=0700h-07FFh \
  -ASFR=0F60h-0F9Bh,0F9Dh-0FD3h,0FD5h-0FDAh,0FE0h-0FE2h,0FE8h-0FEAh,0FF0h-0FFBh \
  -ABIGSFR=0F60h-0F9Bh,0F9Dh-0FD3h,0FD5h-0FDAh,0FE0h-0FE2h,0FE8h-0FEAh,0FF0h-0FFBh \
  -ACONFIG=0300000h-030000Dh -AIDLOC=0200000h-0200007h \
  -AEEDATA=0F00000h-0F000FFh -peeprom_data=EEDATA \
  -preset_vec=00h,intcode=8h,intcodelo=18h,sivt_lo,sivt_hi=CODE \
  -ppowerup=CODE,init -pramtop=0800h -psmallconst=SMALLCONST \
  -pmediumconst=MEDIUMCONST -pconst=CONST -AFARRAM=00h-00h \
  -prdata=COMRAM,nvrram=COMRAM,nvbit=COMRAM,rbss=COMRAM,rbit=COMRAM \
  -pfarbss=FARRAM,fardata=FARRAM,nvFARRAM=FARRAM \
  -pintsave_regs=BIGRAM,bigbss=BIGRAM,bigdata=BIGRAM -pbss=RAM \
  -pidata=CODE,irdata=CODE,ibigdata=CODE,ifardata=CODE -prparam=COMRAM \
  /tmp/xcgqjGhkP/driver_tmp_9.o dist/default/debug/Lab4.X.debug.o 

Object code version is 3.11

Machine type is 18F4550



                Name                               Link     Load   Length Selector   Space Scale
/tmp/xcgqjGhkP/driver_tmp_9.o
                idloc                            200000   200000        8        0       5
                config                           300000   300000        E        0       4
                init                               7D3C     7D3C        4     3E9E       0
                reset_vec                             0        0        6        0       0
dist/default/debug/Lab4.X.debug.o
                idloc                            200000   200000        8        0       5
                config                           300000   300000        E        0       4
                mediumconst                        7C5A     7C5A       E2     3E2D       0
                text17                             71B0     71B0        A     38D8       0
                text16                             71BA     71BA       10     38DD       0
                text15                             73A8     73A8       78     39D4       0
                text14                             7200     7200       26     3900       0
                text13                             71CA     71CA       18     38E5       0
                text12                             72C4     72C4       72     3962       0
                text11                             7588     7588       C2     3AC4       0
                text10                             7420     7420       AE     3A10       0
                text9                              728A     728A       3A     3945       0
                text8                              71E2     71E2       1E     38F1       0
                text7                              7254     7254       36     392A       0
                text6                              74CE     74CE       BA     3A67       0
                text5                              781C     781C      10C     3C0E       0
                text4                              772A     772A       F2     3B95       0
                text3                              764A     764A       E0     3B25       0
                text2                              7A80     7A80      1DA     3D40       0
                text1                              7928     7928      158     3C94       0
                text0                              7336     7336       72     399B       0
                cstackCOMRAM                          1        1       18        1       1
                dataCOMRAM                           21       21        2        1       1
                bssCOMRAM                            19       19        8        1       1
                cinit                              7226     7226       2E     3913       0
                idataCOMRAM                        71AE     71AE        2     71AE       0

TOTAL           Name                               Link     Load   Length     Space
        CLASS   CODE           
                init                               7D3C     7D3C        4         0
                reset_vec                             0        0        6         0
                text17                             71B0     71B0        A         0
                text16                             71BA     71BA       10         0
                text15                             73A8     73A8       78         0
                text14                             7200     7200       26         0
                text13                             71CA     71CA       18         0
                text12                             72C4     72C4       72         0
                text11                             7588     7588       C2         0
                text10                             7420     7420       AE         0
                text9                              728A     728A       3A         0
                text8                              71E2     71E2       1E         0
                text7                              7254     7254       36         0
                text6                              74CE     74CE       BA         0
                text5                              781C     781C      10C         0
                text4                              772A     772A       F2         0
                text3                              764A     764A       E0         0
                text2                              7A80     7A80      1DA         0
                text1                              7928     7928      158         0
                text0                              7336     7336       72         0
                cinit                              7226     7226       2E         0
                idataCOMRAM                        71AE     71AE        2         0

        CLASS   CONST          

        CLASS   SMALLCONST     

        CLASS   MEDIUMCONST    
                mediumconst                        7C5A     7C5A       E2         0

        CLASS   COMRAM         
                cstackCOMRAM                          1        1       18         1
                dataCOMRAM                           21       21        2         1
                bssCOMRAM                            19       19        8         1

        CLASS   ABS1           

        CLASS   BIGRAM         

        CLASS   RAM            

        CLASS   BANK0          

        CLASS   BANK1          

        CLASS   BANK2          

        CLASS   BANK3          

        CLASS   BANK4          

        CLASS   BANK5          

        CLASS   BANK6          

        CLASS   BANK7          

        CLASS   SFR            

        CLASS   BIGSFR         

        CLASS   CONFIG         
                config                           300000   300000        E         4

        CLASS   IDLOC          
                idloc                            200000   200000        8         5

        CLASS   EEDATA         

        CLASS   FARRAM         

        CLASS   HEAP           

        CLASS   STACK          



SEGMENTS        Name                           Load    Length   Top    Selector   Space  Class

                text9                          00728A  00003A  0072C4      3945       0  CODE    
                text12                         0072C4  000072  007336      3962       0  CODE    
                reset_vec                      000000  000006  000006         0       0  CODE    
                text7                          007254  000036  00728A      392A       0  CODE    
                cinit                          007226  00002E  007254      3913       0  CODE    
                text6                          0074CE  0000BA  007588      3A67       0  CODE    
                text10                         007420  0000AE  0074CE      3A10       0  CODE    
                text11                         007588  0000C2  00764A      3AC4       0  CODE    
                text15                         0073A8  000078  007420      39D4       0  CODE    
                text0                          007336  000072  0073A8      399B       0  CODE    
                text13                         0071CA  000018  0071E2      38E5       0  CODE    
                text8                          0071E2  00001E  007200      38F1       0  CODE    
                idataCOMRAM                    0071AE  000002  0071B0      71AE       0  CODE    
                text17                         0071B0  00000A  0071BA      38D8       0  CODE    
                text16                         0071BA  000010  0071CA      38DD       0  CODE    
                text14                         007200  000026  007226      3900       0  CODE    
                text3                          00764A  0000E0  00772A      3B25       0  CODE    
                mediumconst                    007C5A  0000E2  007D3C      3E2D       0  MEDIUMCO
                cstackCOMRAM                   000001  000022  000023         1       1  COMRAM  
                init                           007D3C  000004  007D40      3E9E       0  CODE    
                text1                          007928  000158  007A80      3C94       0  CODE    
                text5                          00781C  00010C  007928      3C0E       0  CODE    
                text4                          00772A  0000F2  00781C      3B95       0  CODE    
                text2                          007A80  0001DA  007C5A      3D40       0  CODE    


UNUSED ADDRESS RANGES

        Name                Unused          Largest block    Delta
        BANK0            000060-0000FF               A0
        BANK1            000100-0001FF              100
        BANK2            000200-0002FF              100
        BANK3            000300-0003EE               EF
        BANK4            000400-0004FF              100
        BANK5            000500-0005FF              100
        BANK6            000600-0006FF              100
        BANK7            000700-0007FF              100
        BIGRAM           000023-0003EE              3CC
                         000400-0007FF              400
        BIGSFR           000F60-000F9B               3C
                         000F9D-000FD3               37
                         000FD5-000FDA                6
                         000FE0-000FE2                3
                         000FE8-000FEA                3
                         000FF0-000FFB                C
        CODE             000006-0071AD             71A8
        COMRAM           000023-00005F               3D
        CONST            000006-0071AD             71A8
        EEDATA           F00000-F000FF              100
        MEDIUMCONST      000800-0071AD             69AE
        RAM              000060-0003EE              100
                         000400-0007FF              100
        SFR              000F60-000F9B               3C
                         000F9D-000FD3               37
                         000FD5-000FDA                6
                         000FE0-000FE2                3
                         000FE8-000FEA                3
                         000FF0-000FFB                C
        SMALLCONST       000800-0071AD              100

                                  Symbol Table

?___awdiv                    cstackCOMRAM 000001
?___awmod                    cstackCOMRAM 000001
?_atoi                       cstackCOMRAM 000001
_LATAbits                    (abs)        000F89
_LATB                        (abs)        000F8A
_LATDbits                    (abs)        000F8C
_OSCCON                      (abs)        000FD3
_OSCCONbits                  (abs)        000FD3
_PORTB                       (abs)        000F81
_TRISAbits                   (abs)        000F92
_TRISB                       (abs)        000F93
_TRISDbits                   (abs)        000F95
__HRAM                       (abs)        000000
__H__absolute__              __absolute__ 000000
__Habs1                      abs1         000000
__Hbank0                     bank0        000000
__Hbank1                     bank1        000000
__Hbank2                     bank2        000000
__Hbank3                     bank3        000000
__Hbank4                     bank4        000000
__Hbank5                     bank5        000000
__Hbank6                     bank6        000000
__Hbank7                     bank7        000000
__Hbigbss                    bigbss       000000
__Hbigdata                   bigdata      000000
__Hbigram                    bigram       000000
__Hbigsfr                    bigsfr       000000
__Hbss                       bss          000000
__HbssCOMRAM                 bssCOMRAM    000000
__Hcinit                     cinit        000000
__Hclrtext                   clrtext      000000
__Hcomram                    comram       000000
__Hconfig                    config       30000E
__Hconst                     const        000000
__HcstackCOMRAM              cstackCOMRAM 000000
__Hdata                      data         000000
__HdataCOMRAM                dataCOMRAM   000000
__Heeprom_data               eeprom_data  000000
__Hfarbss                    farbss       000000
__Hfardata                   fardata      000000
__Hheap                      heap         000000
__Hibigdata                  ibigdata     000000
__Hidata                     idata        000000
__HidataCOMRAM               idataCOMRAM  000000
__Hidloc                     idloc        200008
__Hifardata                  ifardata     000000
__Hinit                      init         007D40
__Hintcode                   intcode      000008
__Hintcode_body              intcode_body 000000
__Hintcodelo                 intcodelo    000018
__Hintentry                  intentry     000000
__Hintret                    intret       000000
__Hintsave_regs              intsave_regs 000000
__Hirdata                    irdata       000000
__Hmediumconst               mediumconst  007D3C
__HnvFARRAM                  nvFARRAM     000000
__Hnvbit                     nvbit        000000
__Hnvrram                    nvrram       000000
__Hparam                     rparam       000000
__Hpowerup                   powerup      000000
__Hram                       ram          000000
__Hramtop                    ramtop       000800
__Hrbit                      rbit         000000
__Hrbss                      rbss         000000
__Hrdata                     rdata        000000
__Hreset_vec                 reset_vec    000006
__Hrparam                    rparam       000000
__Hsfr                       sfr          000000
__Hsivt_hi                   sivt_hi      000000
__Hsivt_lo                   sivt_lo      000018
__Hsmallconst                smallconst   000000
__Hspace_0                   (abs)        007D40
__Hspace_1                   (abs)        000023
__Hspace_2                   (abs)        000000
__Hspace_4                   (abs)        60000E
__Hstack                     stack        000000
__Hstruct                    struct       000000
__Htemp                      temp         000000
__Htext                      text         000000
__Htext0                     text0        000000
__Htext1                     text1        000000
__Htext10                    text10       000000
__Htext11                    text11       000000
__Htext12                    text12       000000
__Htext13                    text13       000000
__Htext14                    text14       000000
__Htext15                    text15       000000
__Htext16                    text16       000000
__Htext17                    text17       000000
__Htext2                     text2        000000
__Htext3                     text3        000000
__Htext4                     text4        000000
__Htext5                     text5        000000
__Htext6                     text6        000000
__Htext7                     text7        000000
__Htext8                     text8        000000
__Htext9                     text9        000000
__LRAM                       (abs)        000001
__L__absolute__              __absolute__ 000000
__Labs1                      abs1         000000
__Lbank0                     bank0        000000
__Lbank1                     bank1        000000
__Lbank2                     bank2        000000
__Lbank3                     bank3        000000
__Lbank4                     bank4        000000
__Lbank5                     bank5        000000
__Lbank6                     bank6        000000
__Lbank7                     bank7        000000
__Lbigbss                    bigbss       000000
__Lbigdata                   bigdata      000000
__Lbigram                    bigram       000000
__Lbigsfr                    bigsfr       000000
__Lbss                       bss          000000
__LbssCOMRAM                 bssCOMRAM    000000
__Lcinit                     cinit        000000
__Lclrtext                   clrtext      000000
__Lcomram                    comram       000000
__Lconfig                    config       000000
__Lconst                     const        000000
__LcstackCOMRAM              cstackCOMRAM 000000
__Ldata                      data         000000
__LdataCOMRAM                dataCOMRAM   000000
__Leeprom_data               eeprom_data  000000
__Lfarbss                    farbss       000000
__Lfardata                   fardata      000000
__Lheap                      heap         000000
__Libigdata                  ibigdata     000000
__Lidata                     idata        000000
__LidataCOMRAM               idataCOMRAM  000000
__Lidloc                     idloc        000000
__Lifardata                  ifardata     000000
__Linit                      init         007D3C
__Lintcode                   intcode      000008
__Lintcode_body              intcode_body 000000
__Lintcodelo                 intcodelo    000018
__Lintentry                  intentry     000000
__Lintret                    intret       000000
__Lintsave_regs              intsave_regs 000000
__Lirdata                    irdata       000000
__Lmediumconst               mediumconst  007C5A
__LnvFARRAM                  nvFARRAM     000000
__Lnvbit                     nvbit        000000
__Lnvrram                    nvrram       000000
__Lparam                     rparam       000000
__Lpowerup                   powerup      000000
__Lram                       ram          000000
__Lramtop                    ramtop       000800
__Lrbit                      rbit         000000
__Lrbss                      rbss         000000
__Lrdata                     rdata        000000
__Lreset_vec                 reset_vec    000000
__Lrparam                    rparam       000000
__Lsfr                       sfr          000000
__Lsivt_hi                   sivt_hi      000000
__Lsivt_lo                   sivt_lo      000018
__Lsmallconst                smallconst   000000
__Lspace_0                   (abs)        000000
__Lspace_1                   (abs)        000000
__Lspace_2                   (abs)        000000
__Lspace_4                   (abs)        000000
__Lstack                     stack        000000
__Lstruct                    struct       000000
__Ltemp                      temp         000000
__Ltext                      text         000000
__Ltext0                     text0        000000
__Ltext1                     text1        000000
__Ltext10                    text10       000000
__Ltext11                    text11       000000
__Ltext12                    text12       000000
__Ltext13                    text13       000000
__Ltext14                    text14       000000
__Ltext15                    text15       000000
__Ltext16                    text16       000000
__Ltext17                    text17       000000
__Ltext2                     text2        000000
__Ltext3                     text3        000000
__Ltext4                     text4        000000
__Ltext5                     text5        000000
__Ltext6                     text6        000000
__Ltext7                     text7        000000
__Ltext8                     text8        000000
__Ltext9                     text9        000000
__S0                         (abs)        007D40
__S1                         (abs)        000023
__S4                         (abs)        000000
__S5                         (abs)        000000
___awdiv                     text11       007588
___awdiv@counter             cstackCOMRAM 000005
___awdiv@dividend            cstackCOMRAM 000001
___awdiv@divisor             cstackCOMRAM 000003
___awdiv@quotient            cstackCOMRAM 000007
___awdiv@sign                cstackCOMRAM 000006
___awmod                     text10       007420
___awmod@counter             cstackCOMRAM 000005
___awmod@dividend            cstackCOMRAM 000001
___awmod@divisor             cstackCOMRAM 000003
___awmod@sign                cstackCOMRAM 000006
___heap_hi                   (abs)        000000
___heap_lo                   (abs)        000000
___inthi_sp                  stack        000000
___inthi_stack_hi            stack        000000
___inthi_stack_lo            stack        000000
___intlo_sp                  stack        000000
___intlo_stack_hi            stack        000000
___intlo_stack_lo            stack        000000
___param_bank                (abs)        000000
___rparam_used               (abs)        000001
___sp                        stack        000000
___stack_hi                  stack        000000
___stack_lo                  stack        000000
__accesstop                  (abs)        000060
__activetblptr               (abs)        000002
__end_of___awdiv             text11       00764A
__end_of___awmod             text10       0074CE
__end_of__initialization     cinit        00724A
__end_of_atoi                text5        007928
__end_of_count_update_screen text6        007588
__end_of_get_valid_input     text2        007C5A
__end_of_keymap              mediumconst  007C6B
__end_of_keypad_get_key      text4        00781C
__end_of_keypad_init         text17       0071BA
__end_of_lcd_clear           text13       0071E2
__end_of_lcd_cmd             text14       007226
__end_of_lcd_data            text8        007200
__end_of_lcd_init            text12       007336
__end_of_lcd_pulse           text16       0071CA
__end_of_lcd_send_nibble     text15       007420
__end_of_lcd_set_cursor      text9        0072C4
__end_of_lcd_write           text7        00728A
__end_of_loop                text1        007A80
__end_of_main                text0        0073A8
__end_of_set_status          text3        00772A
__initialization             cinit        007226
__mediumconst                mediumconst  007C5A
__pbssCOMRAM                 bssCOMRAM    000019
__pcinit                     cinit        007226
__pcstackCOMRAM              cstackCOMRAM 000001
__pdataCOMRAM                dataCOMRAM   000021
__pidataCOMRAM               idataCOMRAM  0071AE
__pmediumconst               mediumconst  007C5A
__ptext0                     text0        007336
__ptext1                     text1        007928
__ptext10                    text10       007420
__ptext11                    text11       007588
__ptext12                    text12       0072C4
__ptext13                    text13       0071CA
__ptext14                    text14       007200
__ptext15                    text15       0073A8
__ptext16                    text16       0071BA
__ptext17                    text17       0071B0
__ptext2                     text2        007A80
__ptext3                     text3        00764A
__ptext4                     text4        00772A
__ptext5                     text5        00781C
__ptext6                     text6        0074CE
__ptext7                     text7        007254
__ptext8                     text8        0071E2
__ptext9                     text9        00728A
__ramtop                     ramtop       000800
__smallconst                 mediumconst  007C5A
_atoi                        text5        00781C
_count_update_screen         text6        0074CE
_get_valid_input             text2        007A80
_int0_triggered              bssCOMRAM    00001E
_keymap                      mediumconst  007C5B
_keypad_get_key              text4        00772A
_keypad_init                 text17       0071B0
_lcd_clear                   text13       0071CA
_lcd_cmd                     text14       007200
_lcd_data                    text8        0071E2
_lcd_init                    text12       0072C4
_lcd_pulse                   text16       0071BA
_lcd_send_nibble             text15       0073A8
_lcd_set_cursor              text9        00728A
_lcd_set_cursor$348          cstackCOMRAM 000007
_lcd_write                   text7        007254
_led_estado                  bssCOMRAM    00001C
_loop                        text1        007928
_main                        text0        007336
_piezas_contadas             bssCOMRAM    000020
_piezas_objetivo             bssCOMRAM    00001F
_set_status                  text3        00764A
_status                      dataCOMRAM   000021
atoi@n                       cstackCOMRAM 000007
atoi@neg                     cstackCOMRAM 000006
atoi@s                       cstackCOMRAM 000001
end_of_initialization        cinit        00724A
get_valid_input@buffer       cstackCOMRAM 00000E
get_valid_input@index        cstackCOMRAM 000013
get_valid_input@key          cstackCOMRAM 000015
get_valid_input@value        cstackCOMRAM 000011
intlevel0                    text         000000
intlevel1                    text         000000
intlevel2                    text         000000
intlevel3                    text         000000
isa$std                      (abs)        000001
isa$xinst                    (abs)        000000
keypad_get_key@col           cstackCOMRAM 000004
keypad_get_key@row           cstackCOMRAM 000003
lcd_cmd@cmd                  cstackCOMRAM 000004
lcd_data@data                cstackCOMRAM 000003
lcd_send_nibble@nibble       cstackCOMRAM 000002
lcd_set_cursor@addr          cstackCOMRAM 000009
lcd_set_cursor@col           cstackCOMRAM 000005
lcd_set_cursor@row           cstackCOMRAM 000006
lcd_write@str                cstackCOMRAM 000004
loop@key                     cstackCOMRAM 000016
set_status@new_status        cstackCOMRAM 00000A
stackhi                      (abs)        000000
stacklo                      (abs)        000000
start                        init         007D3C
start_initialization         cinit        007226


MODULE INFORMATION

Module		Function		Class		Link	Load	Size
keypad.c
		_keypad_init   		CODE           	71B0	0000	10
		_keypad_get_key		CODE           	772A	0000	242

keypad.c estimated size: 252

/Applications/microchip/xc8/v3.00/pic/sources/c99/common/awmod.c
		___awmod       		CODE           	7420	0000	174

/Applications/microchip/xc8/v3.00/pic/sources/c99/common/awmod.c estimated size: 174

/Applications/microchip/xc8/v3.00/pic/sources/c99/common/atoi.c
		_atoi          		CODE           	781C	0000	268

/Applications/microchip/xc8/v3.00/pic/sources/c99/common/atoi.c estimated size: 268

shared
		_keymap        		MEDIUMCONST    	7C5B	0000	16
		__initialization		CODE           	7226	0000	36

shared estimated size: 52

/Applications/microchip/xc8/v3.00/pic/sources/c99/common/awdiv.c
		___awdiv       		CODE           	7588	0000	194

/Applications/microchip/xc8/v3.00/pic/sources/c99/common/awdiv.c estimated size: 194

lcd.c
		_lcd_cmd       		CODE           	7200	0000	38
		_lcd_data      		CODE           	71E2	0000	30
		_lcd_set_cursor		CODE           	728A	0000	58
		_lcd_clear     		CODE           	71CA	0000	24
		_lcd_send_nibble		CODE           	73A8	0000	120
		_lcd_pulse     		CODE           	71BA	0000	16
		_lcd_write     		CODE           	7254	0000	54
		_lcd_init      		CODE           	72C4	0000	114

lcd.c estimated size: 454

main.c
		_loop          		CODE           	7928	0000	344
		_set_status    		CODE           	764A	0000	224
		_get_valid_input		CODE           	7A80	0000	474
		_count_update_screen		CODE           	74CE	0000	186
		_main          		CODE           	7336	0000	114

main.c estimated size: 1342

