Microchip MPLAB XC8 Compiler V3.00

Linker command line:

-W-3 --edf=/Applications/microchip/xc8/v3.00/pic/dat/20241204225717_en.msgs \
  -cn -h+dist/default/production/Lab4.X.production.sym \
  --cmf=dist/default/production/Lab4.X.production.cmf -z -Q18F4550 \
  -o/tmp/xcMEQdisK/driver_tmp_3.o --defsym=__MPLAB_BUILD=1 \
  --fixupoverflow=error -Mdist/default/production/Lab4.X.production.map \
  --md=/tmp/xcMEQdisK/driver_tmp_0.dat -E1 -ver=XC8 Compiler \
  -ACODE=00h-07FFFh -ACONST=00h-07FFFh -ASMALLCONST=0800h-08FFhx120 \
  -AMEDIUMCONST=0800h-07FFFh -ACOMRAM=01h-05Fh -AABS1=00h-07FFh \
  -ABIGRAM=01h-07FFh -ARAM=060h-0FFh,0100h-01FFhx7 -ABANK0=060h-0FFh \
  -ABANK1=0100h-01FFh -ABANK2=0200h-02FFh -ABANK3=0300h-03FFh \
  -ABANK4=0400h-04FFh -ABANK5=0500h-05FFh -ABANK6=0600h-06FFh \
  -ABANK7=0700h-07FFh -ASFR=0F60h-0FFFh -ABIGSFR=0F60h-0FFFh \
  -ACONFIG=0300000h-030000Dh -AIDLOC=0200000h-0200007h \
  -AEEDATA=0F00000h-0F000FFh -peeprom_data=EEDATA \
  -preset_vec=00h,intcode=8h,intcodelo=18h,sivt_lo,sivt_hi=CODE \
  -ppowerup=CODE,init -pramtop=0800h -psmallconst=SMALLCONST \
  -pmediumconst=MEDIUMCONST -pconst=CONST -AFARRAM=00h-00h \
  -prdata=COMRAM,nvrram=COMRAM,nvbit=COMRAM,rbss=COMRAM,rbit=COMRAM \
  -pfarbss=FARRAM,fardata=FARRAM,nvFARRAM=FARRAM \
  -pintsave_regs=BIGRAM,bigbss=BIGRAM,bigdata=BIGRAM -pbss=RAM \
  -pidata=CODE,irdata=CODE,ibigdata=CODE,ifardata=CODE -prparam=COMRAM \
  /tmp/xcMEQdisK/driver_tmp_14.o \
  dist/default/production/Lab4.X.production.o 

Object code version is 3.11

Machine type is 18F4550



                Name                               Link     Load   Length Selector   Space Scale
/tmp/xcMEQdisK/driver_tmp_14.o
                idloc                            200000   200000        8        0       5
                config                           300000   300000        E        0       4
                init                                  E        E        4        4       0
                reset_vec                             0        0        4        0       0
dist/default/production/Lab4.X.production.o
                intcode                               8        8        6        4       0
                idloc                            200000   200000        8        0       5
                config                           300000   300000        E        0       4
                temp                                 56       56        1        1       1
                mediumconst                        7EFA     7EFA      106     3F7D       0
                text46                             1110     1110       74        4       0
                text45                             1184     1184       64        4       0
                text44                             1644     1644        2        4       0
                text43                              EF0      EF0       AA        4       0
                text42                              488      488      186        4       0
                text41                             1324     1324       42        4       0
                text40                             141A     141A       38        4       0
                text39                             1568     1568       1A        4       0
                text38                             159A     159A       16        4       0
                text37                             1480     1480       2A        4       0
                text36                             14CE     14CE       24        4       0
                text35                             162A     162A       10        4       0
                text34                             12E2     12E2       42        4       0
                intcode_body                        D98      D98       AE        4       0
                text32                             15F8     15F8       12        4       0
                text31                             161A     161A       10        4       0
                text30                             160A     160A       10        4       0
                text29                             1020     1020       7C        4       0
                text28                             1452     1452       2E        4       0
                text27                             154E     154E       1A        4       0
                text26                             13A4     13A4       3E        4       0
                text25                             14AA     14AA       24        4       0
                text24                             13E2     13E2       38        4       0
                text23                             11E8     11E8       62        4       0
                text22                             163A     163A        A        4       0
                text21                             109C     109C       74        4       0
                text20                             14F2     14F2       22        4       0
                text19                             124A     124A       52        4       0
                text18                             1366     1366       3E        4       0
                text17                              A72      A72       E4        4       0
                text16                             1514     1514       20        4       0
                text15                              F9A      F9A       86        4       0
                text14                             15E6     15E6       12        4       0
                text13                             1582     1582       18        4       0
                text12                              864      864      10E        4       0
                text11                              C24      C24       C4        4       0
                text10                              CE8      CE8       B0        4       0
                text9                               742      742      122        4       0
                text8                              15D4     15D4       12        4       0
                text7                               60E      60E      134        4       0
                text6                               E46      E46       AA        4       0
                text5                               972      972      100        4       0
                text4                                12       12      276        4       0
                text3                               288      288      200        4       0
                text2                              15C2     15C2       12        4       0
                text1                              1534     1534       1A        4       0
                text0                               B56      B56       CE        4       0
                cstackCOMRAM                          1        1       4C        1       1
                cstackBANK0                          88       88       21       60       1
                dataBANK0                            A9       A9       12       60       1
                bssBANK0                             60       60       28       60       1
                bssCOMRAM                            4D       4D        9        1       1
                cinit                              129C     129C       46        4       0
                idataBANK0                         15B0     15B0       12        4       0

TOTAL           Name                               Link     Load   Length     Space
        CLASS   CODE           
                intcode                               8        8        6         0
                init                                  E        E        4         0
                reset_vec                             0        0        4         0
                text46                             1110     1110       74         0
                text45                             1184     1184       64         0
                text44                             1644     1644        2         0
                text43                              EF0      EF0       AA         0
                text42                              488      488      186         0
                text41                             1324     1324       42         0
                text40                             141A     141A       38         0
                text39                             1568     1568       1A         0
                text38                             159A     159A       16         0
                text37                             1480     1480       2A         0
                text36                             14CE     14CE       24         0
                text35                             162A     162A       10         0
                text34                             12E2     12E2       42         0
                intcode_body                        D98      D98       AE         0
                text32                             15F8     15F8       12         0
                text31                             161A     161A       10         0
                text30                             160A     160A       10         0
                text29                             1020     1020       7C         0
                text28                             1452     1452       2E         0
                text27                             154E     154E       1A         0
                text26                             13A4     13A4       3E         0
                text25                             14AA     14AA       24         0
                text24                             13E2     13E2       38         0
                text23                             11E8     11E8       62         0
                text22                             163A     163A        A         0
                text21                             109C     109C       74         0
                text20                             14F2     14F2       22         0
                text19                             124A     124A       52         0
                text18                             1366     1366       3E         0
                text17                              A72      A72       E4         0
                text16                             1514     1514       20         0
                text15                              F9A      F9A       86         0
                text14                             15E6     15E6       12         0
                text13                             1582     1582       18         0
                text12                              864      864      10E         0
                text11                              C24      C24       C4         0
                text10                              CE8      CE8       B0         0
                text9                               742      742      122         0
                text8                              15D4     15D4       12         0
                text7                               60E      60E      134         0
                text6                               E46      E46       AA         0
                text5                               972      972      100         0
                text4                                12       12      276         0
                text3                               288      288      200         0
                text2                              15C2     15C2       12         0
                text1                              1534     1534       1A         0
                text0                               B56      B56       CE         0
                cinit                              129C     129C       46         0
                idataBANK0                         15B0     15B0       12         0

        CLASS   CONST          

        CLASS   SMALLCONST     

        CLASS   MEDIUMCONST    
                mediumconst                        7EFA     7EFA      106         0

        CLASS   COMRAM         
                temp                                 56       56        1         1
                cstackCOMRAM                          1        1       4C         1
                bssCOMRAM                            4D       4D        9         1

        CLASS   ABS1           

        CLASS   BIGRAM         

        CLASS   RAM            

        CLASS   BANK0          
                cstackBANK0                          88       88       21         1
                dataBANK0                            A9       A9       12         1
                bssBANK0                             60       60       28         1

        CLASS   BANK1          

        CLASS   BANK2          

        CLASS   BANK3          

        CLASS   BANK4          

        CLASS   BANK5          

        CLASS   BANK6          

        CLASS   BANK7          

        CLASS   SFR            

        CLASS   BIGSFR         

        CLASS   CONFIG         
                config                           300000   300000        E         4

        CLASS   IDLOC          
                idloc                            200000   200000        8         5

        CLASS   EEDATA         

        CLASS   FARRAM         

        CLASS   HEAP           

        CLASS   STACK          



SEGMENTS        Name                           Load    Length   Top    Selector   Space  Class

                reset_vec                      000000  000004  000004         0       0  CODE    
                bssBANK0                       000060  00005B  0000BB        60       1  BANK0   
                cstackCOMRAM                   000001  000056  000057         1       1  COMRAM  
                intcode                        000008  00163E  001646         4       0  CODE    
                mediumconst                    007EFA  000106  008000      3F7D       0  MEDIUMCO


UNUSED ADDRESS RANGES

        Name                Unused          Largest block    Delta
        BANK0            0000BB-0000FF               45
        BANK1            000100-0001FF              100
        BANK2            000200-0002FF              100
        BANK3            000300-0003FF              100
        BANK4            000400-0004FF              100
        BANK5            000500-0005FF              100
        BANK6            000600-0006FF              100
        BANK7            000700-0007FF              100
        BIGRAM           000057-00005F                9
                         0000BB-0007FF              745
        BIGSFR           000F60-000FFF               A0
        CODE             000004-000007                4
                         001646-007EF9             68B4
        COMRAM           000057-00005F                9
        CONST            000004-000007                4
                         001646-007EF9             68B4
        EEDATA           F00000-F000FF              100
        MEDIUMCONST      001646-007EF9             68B4
        RAM              0000BB-0007FF              100
        SFR              000F60-000FFF               A0
        SMALLCONST       001646-007EF9              100

                                  Symbol Table

?___awdiv                         cstackBANK0  000088
?___awmod                         cstackBANK0  000088
?___lwdiv                         cstackCOMRAM 000001
?___lwmod                         cstackCOMRAM 000001
?_adc_read                        cstackCOMRAM 000001
?_atoi                            cstackBANK0  000088
?_sprintf                         cstackCOMRAM 00001B
?_vfprintf                        cstackCOMRAM 000015
IntToString@buffer                cstackCOMRAM 00002E
IntToString@value                 cstackCOMRAM 00002C
UART_Write@data                   cstackBANK0  000088
UART_Write_Text@text              cstackCOMRAM 000002
_ADCON0                           (abs)        000FC2
_ADCON0bits                       (abs)        000FC2
_ADCON1                           (abs)        000FC1
_ADCON2                           (abs)        000FC0
_ADRESH                           (abs)        000FC4
_ADRESL                           (abs)        000FC3
_INTCONbits                       (abs)        000FF2
_IntToString                      text39       001568
_LATAbits                         (abs)        000F89
_LATB                             (abs)        000F8A
_LATCbits                         (abs)        000F8B
_LATDbits                         (abs)        000F8C
_LATEbits                         (abs)        000F8D
_OSCCON                           (abs)        000FD3
_OSCCONbits                       (abs)        000FD3
_PIE1bits                         (abs)        000F9D
_PIR1bits                         (abs)        000F9E
_PORTB                            (abs)        000F81
_PORTCbits                        (abs)        000F82
_RCONbits                         (abs)        000FD0
_RCREG                            (abs)        000FAE
_RCSTAbits                        (abs)        000FAB
_SPBRG                            (abs)        000FAF
_T1CON                            (abs)        000FCD
_TMR1H                            (abs)        000FCF
_TMR1L                            (abs)        000FCE
_TRISAbits                        (abs)        000F92
_TRISB                            (abs)        000F93
_TRISCbits                        (abs)        000F94
_TRISDbits                        (abs)        000F95
_TRISEbits                        (abs)        000F96
_TXREG                            (abs)        000FAD
_TXSTAbits                        (abs)        000FAC
_UART_Init                        text32       0015F8
_UART_Read                        text14       0015E6
_UART_Write                       text13       001582
_UART_Write_Text                  text37       001480
__HRAM                            (abs)        000000
__H__absolute__                   __absolute__ 000000
__Habs1                           abs1         000000
__Hbank0                          bank0        000000
__Hbank1                          bank1        000000
__Hbank2                          bank2        000000
__Hbank3                          bank3        000000
__Hbank4                          bank4        000000
__Hbank5                          bank5        000000
__Hbank6                          bank6        000000
__Hbank7                          bank7        000000
__Hbigbss                         bigbss       000000
__Hbigdata                        bigdata      000000
__Hbigram                         bigram       000000
__Hbigsfr                         bigsfr       000000
__Hbss                            bss          000000
__HbssBANK0                       bssBANK0     000000
__HbssCOMRAM                      bssCOMRAM    000000
__Hcinit                          cinit        000000
__Hclrtext                        clrtext      000000
__Hcomram                         comram       000000
__Hconfig                         config       30000E
__Hconst                          const        000000
__HcstackBANK0                    cstackBANK0  000000
__HcstackCOMRAM                   cstackCOMRAM 000000
__Hdata                           data         000000
__HdataBANK0                      dataBANK0    000000
__Heeprom_data                    eeprom_data  000000
__Hfarbss                         farbss       000000
__Hfardata                        fardata      000000
__Hheap                           heap         000000
__Hibigdata                       ibigdata     000000
__Hidata                          idata        000000
__HidataBANK0                     idataBANK0   000000
__Hidloc                          idloc        200008
__Hifardata                       ifardata     000000
__Hinit                           init         000012
__Hintcode                        intcode      00000E
__Hintcode_body                   intcode_body 000000
__Hintcodelo                      intcodelo    000018
__Hintentry                       intentry     000000
__Hintret                         intret       000000
__Hintsave_regs                   intsave_regs 000000
__Hirdata                         irdata       000000
__Hmediumconst                    mediumconst  008000
__HnvFARRAM                       nvFARRAM     000000
__Hnvbit                          nvbit        000000
__Hnvrram                         nvrram       000000
__Hparam                          rparam       000000
__Hpowerup                        powerup      000000
__Hram                            ram          000000
__Hramtop                         ramtop       000800
__Hrbit                           rbit         000000
__Hrbss                           rbss         000000
__Hrdata                          rdata        000000
__Hreset_vec                      reset_vec    000004
__Hrparam                         rparam       000000
__Hsfr                            sfr          000000
__Hsivt_hi                        sivt_hi      000000
__Hsivt_lo                        sivt_lo      000018
__Hsmallconst                     smallconst   000000
__Hspace_0                        (abs)        008000
__Hspace_1                        (abs)        0000BB
__Hspace_2                        (abs)        000000
__Hspace_4                        (abs)        60000E
__Hstack                          stack        000000
__Hstruct                         struct       000000
__Htemp                           temp         000057
__Htext                           text         000000
__Htext0                          text0        000000
__Htext1                          text1        000000
__Htext10                         text10       000000
__Htext11                         text11       000000
__Htext12                         text12       000000
__Htext13                         text13       000000
__Htext14                         text14       000000
__Htext15                         text15       000000
__Htext16                         text16       000000
__Htext17                         text17       000000
__Htext18                         text18       000000
__Htext19                         text19       000000
__Htext2                          text2        000000
__Htext20                         text20       000000
__Htext21                         text21       000000
__Htext22                         text22       000000
__Htext23                         text23       000000
__Htext24                         text24       000000
__Htext25                         text25       000000
__Htext26                         text26       000000
__Htext27                         text27       000000
__Htext28                         text28       000000
__Htext29                         text29       000000
__Htext3                          text3        000000
__Htext30                         text30       000000
__Htext31                         text31       000000
__Htext32                         text32       000000
__Htext34                         text34       000000
__Htext35                         text35       000000
__Htext36                         text36       000000
__Htext37                         text37       000000
__Htext38                         text38       000000
__Htext39                         text39       000000
__Htext4                          text4        000000
__Htext40                         text40       000000
__Htext41                         text41       000000
__Htext42                         text42       000000
__Htext43                         text43       000000
__Htext44                         text44       000000
__Htext45                         text45       000000
__Htext46                         text46       000000
__Htext5                          text5        000000
__Htext6                          text6        000000
__Htext7                          text7        000000
__Htext8                          text8        000000
__Htext9                          text9        000000
__LRAM                            (abs)        000001
__L__absolute__                   __absolute__ 000000
__Labs1                           abs1         000000
__Lbank0                          bank0        000000
__Lbank1                          bank1        000000
__Lbank2                          bank2        000000
__Lbank3                          bank3        000000
__Lbank4                          bank4        000000
__Lbank5                          bank5        000000
__Lbank6                          bank6        000000
__Lbank7                          bank7        000000
__Lbigbss                         bigbss       000000
__Lbigdata                        bigdata      000000
__Lbigram                         bigram       000000
__Lbigsfr                         bigsfr       000000
__Lbss                            bss          000000
__LbssBANK0                       bssBANK0     000000
__LbssCOMRAM                      bssCOMRAM    000000
__Lcinit                          cinit        000000
__Lclrtext                        clrtext      000000
__Lcomram                         comram       000000
__Lconfig                         config       000000
__Lconst                          const        000000
__LcstackBANK0                    cstackBANK0  000000
__LcstackCOMRAM                   cstackCOMRAM 000000
__Ldata                           data         000000
__LdataBANK0                      dataBANK0    000000
__Leeprom_data                    eeprom_data  000000
__Lfarbss                         farbss       000000
__Lfardata                        fardata      000000
__Lheap                           heap         000000
__Libigdata                       ibigdata     000000
__Lidata                          idata        000000
__LidataBANK0                     idataBANK0   000000
__Lidloc                          idloc        000000
__Lifardata                       ifardata     000000
__Linit                           init         00000E
__Lintcode                        intcode      000008
__Lintcode_body                   intcode_body 000000
__Lintcodelo                      intcodelo    000018
__Lintentry                       intentry     000000
__Lintret                         intret       000000
__Lintsave_regs                   intsave_regs 000000
__Lirdata                         irdata       000000
__Lmediumconst                    mediumconst  007EFA
__LnvFARRAM                       nvFARRAM     000000
__Lnvbit                          nvbit        000000
__Lnvrram                         nvrram       000000
__Lparam                          rparam       000000
__Lpowerup                        powerup      000000
__Lram                            ram          000000
__Lramtop                         ramtop       000800
__Lrbit                           rbit         000000
__Lrbss                           rbss         000000
__Lrdata                          rdata        000000
__Lreset_vec                      reset_vec    000000
__Lrparam                         rparam       000000
__Lsfr                            sfr          000000
__Lsivt_hi                        sivt_hi      000000
__Lsivt_lo                        sivt_lo      000018
__Lsmallconst                     smallconst   000000
__Lspace_0                        (abs)        000000
__Lspace_1                        (abs)        000000
__Lspace_2                        (abs)        000000
__Lspace_4                        (abs)        000000
__Lstack                          stack        000000
__Lstruct                         struct       000000
__Ltemp                           temp         000056
__Ltext                           text         000000
__Ltext0                          text0        000000
__Ltext1                          text1        000000
__Ltext10                         text10       000000
__Ltext11                         text11       000000
__Ltext12                         text12       000000
__Ltext13                         text13       000000
__Ltext14                         text14       000000
__Ltext15                         text15       000000
__Ltext16                         text16       000000
__Ltext17                         text17       000000
__Ltext18                         text18       000000
__Ltext19                         text19       000000
__Ltext2                          text2        000000
__Ltext20                         text20       000000
__Ltext21                         text21       000000
__Ltext22                         text22       000000
__Ltext23                         text23       000000
__Ltext24                         text24       000000
__Ltext25                         text25       000000
__Ltext26                         text26       000000
__Ltext27                         text27       000000
__Ltext28                         text28       000000
__Ltext29                         text29       000000
__Ltext3                          text3        000000
__Ltext30                         text30       000000
__Ltext31                         text31       000000
__Ltext32                         text32       000000
__Ltext34                         text34       000000
__Ltext35                         text35       000000
__Ltext36                         text36       000000
__Ltext37                         text37       000000
__Ltext38                         text38       000000
__Ltext39                         text39       000000
__Ltext4                          text4        000000
__Ltext40                         text40       000000
__Ltext41                         text41       000000
__Ltext42                         text42       000000
__Ltext43                         text43       000000
__Ltext44                         text44       000000
__Ltext45                         text45       000000
__Ltext46                         text46       000000
__Ltext5                          text5        000000
__Ltext6                          text6        000000
__Ltext7                          text7        000000
__Ltext8                          text8        000000
__Ltext9                          text9        000000
__S0                              (abs)        008000
__S1                              (abs)        0000BB
__S4                              (abs)        000000
__S5                              (abs)        000000
___awdiv                          text11       000C24
___awdiv@counter                  cstackBANK0  00008C
___awdiv@dividend                 cstackBANK0  000088
___awdiv@divisor                  cstackBANK0  00008A
___awdiv@quotient                 cstackBANK0  00008E
___awdiv@sign                     cstackBANK0  00008D
___awmod                          text10       000CE8
___awmod@counter                  cstackBANK0  00008C
___awmod@dividend                 cstackBANK0  000088
___awmod@divisor                  cstackBANK0  00008A
___awmod@sign                     cstackBANK0  00008D
___heap_hi                        (abs)        000000
___heap_lo                        (abs)        000000
___inthi_sp                       stack        000000
___inthi_stack_hi                 stack        000000
___inthi_stack_lo                 stack        000000
___intlo_sp                       stack        000000
___intlo_stack_hi                 stack        000000
___intlo_stack_lo                 stack        000000
___lwdiv                          text46       001110
___lwdiv@counter                  cstackCOMRAM 000007
___lwdiv@dividend                 cstackCOMRAM 000001
___lwdiv@divisor                  cstackCOMRAM 000003
___lwdiv@quotient                 cstackCOMRAM 000005
___lwmod                          text45       001184
___lwmod@counter                  cstackCOMRAM 000005
___lwmod@dividend                 cstackCOMRAM 000001
___lwmod@divisor                  cstackCOMRAM 000003
___param_bank                     (abs)        000000
___rparam_used                    (abs)        000001
___sp                             stack        000000
___stack_hi                       stack        000000
___stack_lo                       stack        000000
__accesstop                       (abs)        000060
__activetblptr                    (abs)        000002
__end_of_IntToString              text39       001582
__end_of_UART_Init                text32       00160A
__end_of_UART_Read                text14       0015F8
__end_of_UART_Write               text13       00159A
__end_of_UART_Write_Text          text37       0014AA
__end_of___awdiv                  text11       000CE8
__end_of___awmod                  text10       000D98
__end_of___lwdiv                  text46       001184
__end_of___lwmod                  text45       0011E8
__end_of__initialization          cinit        0012D4
__end_of_adc_init                 text31       00162A
__end_of_adc_read                 text36       0014F2
__end_of_atoi                     text12       000972
__end_of_check_reset_cause        text23       00124A
__end_of_count_update_screen      text9        000864
__end_of_display_init             text20       001514
__end_of_fputc                    text43       000F9A
__end_of_get_valid_input_count    text4        000288
__end_of_handle_serial_command    text6        000EF0
__end_of_isr                      intcode_body 000E46
__end_of_keymap                   mediumconst  007F0B
__end_of_keypad_get_key           text5        000A72
__end_of_keypad_init              text22       001644
__end_of_lcd_clear                text27       001568
__end_of_lcd_cmd                  text28       001480
__end_of_lcd_create_char          text19       00129C
__end_of_lcd_data                 text25       0014CE
__end_of_lcd_init                 text15       001020
__end_of_lcd_pulse                text30       00161A
__end_of_lcd_send_nibble          text29       00109C
__end_of_lcd_set_cursor           text26       0013E2
__end_of_lcd_write                text24       00141A
__end_of_load_custom_characters   text18       0013A4
__end_of_loop                     text3        000488
__end_of_main                     text0        000C24
__end_of_motor_control            text8        0015E6
__end_of_motor_control_with_level text34       001324
__end_of_motor_init               text2        0015D4
__end_of_putch                    text44       001646
__end_of_rgb_init                 text16       001534
__end_of_send_display             text21       001110
__end_of_send_rgb                 text17       000B56
__end_of_set_status               text7        000742
__end_of_sprintf                  text40       001452
__end_of_timer1_init              text1        00154E
__end_of_vfpfcnvrt                text42       00060E
__end_of_vfprintf                 text41       001366
__end_ofi2_UART_Write             text38       0015B0
__end_ofi2_motor_control          text35       00163A
__initialization                  cinit        00129C
__mediumconst                     mediumconst  007EFA
__pbssBANK0                       bssBANK0     000060
__pbssCOMRAM                      bssCOMRAM    00004D
__pcinit                          cinit        00129C
__pcstackBANK0                    cstackBANK0  000088
__pcstackCOMRAM                   cstackCOMRAM 000001
__pdataBANK0                      dataBANK0    0000A9
__pidataBANK0                     idataBANK0   0015B0
__pintcode                        intcode      000008
__pintcode_body                   intcode_body 000D98
__pmediumconst                    mediumconst  007EFA
__ptext0                          text0        000B56
__ptext1                          text1        001534
__ptext10                         text10       000CE8
__ptext11                         text11       000C24
__ptext12                         text12       000864
__ptext13                         text13       001582
__ptext14                         text14       0015E6
__ptext15                         text15       000F9A
__ptext16                         text16       001514
__ptext17                         text17       000A72
__ptext18                         text18       001366
__ptext19                         text19       00124A
__ptext2                          text2        0015C2
__ptext20                         text20       0014F2
__ptext21                         text21       00109C
__ptext22                         text22       00163A
__ptext23                         text23       0011E8
__ptext24                         text24       0013E2
__ptext25                         text25       0014AA
__ptext26                         text26       0013A4
__ptext27                         text27       00154E
__ptext28                         text28       001452
__ptext29                         text29       001020
__ptext3                          text3        000288
__ptext30                         text30       00160A
__ptext31                         text31       00161A
__ptext32                         text32       0015F8
__ptext34                         text34       0012E2
__ptext35                         text35       00162A
__ptext36                         text36       0014CE
__ptext37                         text37       001480
__ptext38                         text38       00159A
__ptext39                         text39       001568
__ptext4                          text4        000012
__ptext40                         text40       00141A
__ptext41                         text41       001324
__ptext42                         text42       000488
__ptext43                         text43       000EF0
__ptext44                         text44       001644
__ptext45                         text45       001184
__ptext46                         text46       001110
__ptext5                          text5        000972
__ptext6                          text6        000E46
__ptext7                          text7        00060E
__ptext8                          text8        0015D4
__ptext9                          text9        000742
__ramtop                          ramtop       000800
__smallconst                      mediumconst  007EFA
_adc_init                         text31       00161A
_adc_read                         text36       0014CE
_atoi                             text12       000864
_check_reset_cause                text23       0011E8
_count_update_screen              text9        000742
_dbuf                             bssBANK0     000060
_display_init                     text20       0014F2
_flags                            bssCOMRAM    000053
_fputc                            text43       000EF0
_get_valid_input_count            text4        000012
_handle_serial_command            text6        000E46
_int0_triggered                   bssBANK0     000085
_isr                              intcode      000008
_keymap                           mediumconst  007EFB
_keypad_get_key                   text5        000972
_keypad_init                      text22       00163A
_lcd_clear                        text27       00154E
_lcd_cmd                          text28       001452
_lcd_create_char                  text19       00124A
_lcd_data                         text25       0014AA
_lcd_init                         text15       000F9A
_lcd_pulse                        text30       00160A
_lcd_send_nibble                  text29       001020
_lcd_set_cursor                   text26       0013A4
_lcd_set_cursor$296               cstackBANK0  00008E
_lcd_write                        text24       0013E2
_led_estado                       bssCOMRAM    000051
_led_lbk_estado                   bssBANK0     000083
_load_custom_characters           text18       001366
_loop                             text3        000288
_main                             text0        000B56
_motor_control                    text8        0015D4
_motor_control_with_level         text34       0012E2
_motor_init                       text2        0015C2
_motor_status                     bssCOMRAM    000054
_piezas_contadas                  bssBANK0     000087
_piezas_objetivo                  bssBANK0     000086
_prec                             bssCOMRAM    00004F
_putch                            text44       001644
_rgb_init                         text16       001514
_send_display                     text21       00109C
_send_rgb                         text17       000A72
_set_status                       text7        00060E
_sprintf                          text40       00141A
_status                           dataBANK0    0000B9
_t3_interrupts                    bssCOMRAM    000055
_timer1_init                      text1        001534
_vfpfcnvrt                        text42       000488
_vfprintf                         text41       001324
_width                            bssCOMRAM    00004D
atoi@n                            cstackBANK0  00008E
atoi@neg                          cstackBANK0  00008D
atoi@s                            cstackBANK0  000088
btemp                             temp         000056
count_update_screen@dec_counted   cstackBANK0  000095
count_update_screen@dec_pending   cstackBANK0  000093
count_update_screen@piezas_cont   cstackBANK0  000091
count_update_screen@piezas_obj    cstackBANK0  000096
count_update_screen@units_counted cstackBANK0  000094
count_update_screen@units_pending cstackBANK0  000092
end_of_initialization             cinit        0012D4
fputc@c                           cstackCOMRAM 000001
fputc@fp                          cstackCOMRAM 000003
get_valid_input_count@buffer      cstackBANK0  00009C
get_valid_input_count@c           cstackBANK0  00009F
get_valid_input_count@index       cstackBANK0  0000A2
get_valid_input_count@key         cstackBANK0  0000A4
get_valid_input_count@value       cstackBANK0  0000A0
handle_serial_command@cmd         cstackBANK0  000099
i2UART_Write@data                 cstackCOMRAM 000001
i2_UART_Write                     text38       00159A
i2_motor_control                  text35       00162A
i2motor_control@value             cstackCOMRAM 000001
int$flags                         temp         000056
int_func                          intcode_body 000D98
intlevel0                         text         000000
intlevel1                         text         000000
intlevel2                         text         000000
intlevel3                         text         000000
isa$std                           (abs)        000001
isa$xinst                         (abs)        000000
isr@buffer                        cstackCOMRAM 000037
isr@value                         cstackCOMRAM 00004B
keypad_get_key@col                cstackBANK0  00008B
keypad_get_key@row                cstackBANK0  00008A
lcd_cmd@cmd                       cstackBANK0  00008B
lcd_create_char@charmap           cstackBANK0  00008C
lcd_create_char@i                 cstackBANK0  00008E
lcd_create_char@location          cstackBANK0  00008D
lcd_data@data                     cstackBANK0  00008A
lcd_send_nibble@nibble            cstackBANK0  000089
lcd_set_cursor@addr               cstackBANK0  000090
lcd_set_cursor@col                cstackBANK0  00008C
lcd_set_cursor@row                cstackBANK0  00008D
lcd_write@str                     cstackBANK0  00008B
load_custom_characters@F3257      dataBANK0    0000B1
load_custom_characters@F3259      dataBANK0    0000A9
load_custom_characters@cool_dude  cstackBANK0  000098
load_custom_characters@smiley     cstackBANK0  000090
loop@c                            cstackBANK0  0000A5
loop@key                          cstackBANK0  0000A6
motor_control@value               cstackBANK0  000088
motor_control_with_level@value    cstackCOMRAM 000003
send_display@units                cstackBANK0  000089
send_rgb@units                    cstackBANK0  000088
set_status@new_status             cstackBANK0  000097
sprintf@ap                        cstackCOMRAM 000020
sprintf@f                         cstackCOMRAM 000021
sprintf@fmt                       cstackCOMRAM 00001C
sprintf@s                         cstackCOMRAM 00001B
stackhi                           (abs)        000000
stacklo                           (abs)        000000
start                             init         00000E
start_initialization              cinit        00129C
ttemp5                            temp         000057
ttemp6                            temp         00005A
ttemp7                            temp         00005E
vfpfcnvrt@ap                      cstackCOMRAM 00000B
vfpfcnvrt@c                       cstackCOMRAM 000014
vfpfcnvrt@convarg                 cstackCOMRAM 000010
vfpfcnvrt@cp                      cstackCOMRAM 00000E
vfpfcnvrt@fmt                     cstackCOMRAM 00000A
vfpfcnvrt@fp                      cstackCOMRAM 000009
vfprintf@ap                       cstackCOMRAM 000018
vfprintf@cfmt                     cstackCOMRAM 000019
vfprintf@fmt                      cstackCOMRAM 000016
vfprintf@fp                       cstackCOMRAM 000015
wtemp8                            temp         000057


MODULE INFORMATION

Module		Function		Class		Link	Load	Size
/Applications/microchip/xc8/v3.00/pic/sources/c99/common/lwmod.c
		___lwmod       		CODE           	1184	0000	100

/Applications/microchip/xc8/v3.00/pic/sources/c99/common/lwmod.c estimated size: 100

/Applications/microchip/xc8/v3.00/pic/sources/c99/common/doprnt.c
		_vfpfcnvrt     		CODE           	0488	0000	390
		_vfprintf      		CODE           	1324	0000	66

/Applications/microchip/xc8/v3.00/pic/sources/c99/common/doprnt.c estimated size: 456

../../MPLABXProjects/PIC_LEARN.X/adc.c
		_adc_read      		CODE           	14CE	0000	36
		_adc_init      		CODE           	161A	0000	16

../../MPLABXProjects/PIC_LEARN.X/adc.c estimated size: 52

/Applications/microchip/xc8/v3.00/pic/sources/c99/common/putch.c
		_putch         		CODE           	1644	0000	2

/Applications/microchip/xc8/v3.00/pic/sources/c99/common/putch.c estimated size: 2

keypad.c
		_keypad_init   		CODE           	163A	0000	10
		_keypad_get_key		CODE           	0972	0000	256

keypad.c estimated size: 266

uart.c
		_UART_Read     		CODE           	15E6	0000	18
		_UART_Init     		CODE           	15F8	0000	18
		_UART_Write_Text		CODE           	1480	0000	42
		_UART_Write    		CODE           	1582	0000	24

uart.c estimated size: 102

timer.c
		_timer1_init   		CODE           	1534	0000	26

timer.c estimated size: 26

/Applications/microchip/xc8/v3.00/pic/sources/c99/common/awmod.c
		___awmod       		CODE           	0CE8	0000	176

/Applications/microchip/xc8/v3.00/pic/sources/c99/common/awmod.c estimated size: 176

/Applications/microchip/xc8/v3.00/pic/sources/c99/common/nf_fputc.c
		_fputc         		CODE           	0EF0	0000	170

/Applications/microchip/xc8/v3.00/pic/sources/c99/common/nf_fputc.c estimated size: 170

/Applications/microchip/xc8/v3.00/pic/sources/c99/common/lwdiv.c
		___lwdiv       		CODE           	1110	0000	116

/Applications/microchip/xc8/v3.00/pic/sources/c99/common/lwdiv.c estimated size: 116

/Applications/microchip/xc8/v3.00/pic/sources/c99/common/atoi.c
		_atoi          		CODE           	0864	0000	270

/Applications/microchip/xc8/v3.00/pic/sources/c99/common/atoi.c estimated size: 270

rgb.c
		_rgb_init      		CODE           	1514	0000	32
		_send_rgb      		CODE           	0A72	0000	228

rgb.c estimated size: 260

../../MPLABXProjects/PIC_LEARN.X/motor.c
		_motor_control_with_level		CODE           	12E2	0000	66
		_motor_init    		CODE           	15C2	0000	18
		_motor_control 		CODE           	15D4	0000	18

../../MPLABXProjects/PIC_LEARN.X/motor.c estimated size: 102

shared
		i2_motor_control		CODE           	162A	0000	16
		_keymap        		MEDIUMCONST    	7EFB	0000	16
		i2_UART_Write  		CODE           	159A	0000	22
		__initialization		CODE           	129C	0000	56

shared estimated size: 110

/Applications/microchip/xc8/v3.00/pic/sources/c99/common/awdiv.c
		___awdiv       		CODE           	0C24	0000	196

/Applications/microchip/xc8/v3.00/pic/sources/c99/common/awdiv.c estimated size: 196

display.c
		_display_init  		CODE           	14F2	0000	34
		_send_display  		CODE           	109C	0000	116

display.c estimated size: 150

lcd.c
		_lcd_create_char		CODE           	124A	0000	82
		_lcd_cmd       		CODE           	1452	0000	46
		_lcd_data      		CODE           	14AA	0000	36
		_count_update_screen		CODE           	0742	0000	290
		_load_custom_characters		CODE           	1366	0000	62
		_lcd_set_cursor		CODE           	13A4	0000	62
		_lcd_clear     		CODE           	154E	0000	26
		_lcd_send_nibble		CODE           	1020	0000	124
		_lcd_pulse     		CODE           	160A	0000	16
		_lcd_write     		CODE           	13E2	0000	56
		_lcd_init      		CODE           	0F9A	0000	134

lcd.c estimated size: 934

main.c
		_check_reset_cause		CODE           	11E8	0000	98
		_loop          		CODE           	0288	0000	512
		_set_status    		CODE           	060E	0000	308
		_main          		CODE           	0B56	0000	206
		_get_valid_input_count		CODE           	0012	0000	630
		_isr           		CODE           	0008	0000	180
		_handle_serial_command		CODE           	0E46	0000	170
		_IntToString   		CODE           	1568	0000	26

main.c estimated size: 2130

/Applications/microchip/xc8/v3.00/pic/sources/c99/common/nf_sprintf.c
		_sprintf       		CODE           	141A	0000	56

/Applications/microchip/xc8/v3.00/pic/sources/c99/common/nf_sprintf.c estimated size: 56

