Microchip MPLAB XC8 Compiler V3.00

Linker command line:

-W-3 --edf=/Applications/microchip/xc8/v3.00/pic/dat/20241204225717_en.msgs \
  -cn -h+dist/default/production/Lab4.X.production.sym \
  --cmf=dist/default/production/Lab4.X.production.cmf -z -Q18F4550 \
  -o/tmp/xcSs72xQY/driver_tmp_3.o --defsym=__MPLAB_BUILD=1 \
  --fixupoverflow=error -Mdist/default/production/Lab4.X.production.map \
  --md=/tmp/xcSs72xQY/driver_tmp_0.dat -E1 -ver=XC8 Compiler \
  -ACODE=00h-07FFFh -ACONST=00h-07FFFh -ASMALLCONST=0800h-08FFhx120 \
  -AMEDIUMCONST=0800h-07FFFh -ACOMRAM=01h-05Fh -AABS1=00h-07FFh \
  -ABIGRAM=01h-07FFh -ARAM=060h-0FFh,0100h-01FFhx7 -ABANK0=060h-0FFh \
  -ABANK1=0100h-01FFh -ABANK2=0200h-02FFh -ABANK3=0300h-03FFh \
  -ABANK4=0400h-04FFh -ABANK5=0500h-05FFh -ABANK6=0600h-06FFh \
  -ABANK7=0700h-07FFh -ASFR=0F60h-0FFFh -ABIGSFR=0F60h-0FFFh \
  -ACONFIG=0300000h-030000Dh -AIDLOC=0200000h-0200007h \
  -AEEDATA=0F00000h-0F000FFh -peeprom_data=EEDATA \
  -preset_vec=00h,intcode=8h,intcodelo=18h,sivt_lo,sivt_hi=CODE \
  -ppowerup=CODE,init -pramtop=0800h -psmallconst=SMALLCONST \
  -pmediumconst=MEDIUMCONST -pconst=CONST -AFARRAM=00h-00h \
  -prdata=COMRAM,nvrram=COMRAM,nvbit=COMRAM,rbss=COMRAM,rbit=COMRAM \
  -pfarbss=FARRAM,fardata=FARRAM,nvFARRAM=FARRAM \
  -pintsave_regs=BIGRAM,bigbss=BIGRAM,bigdata=BIGRAM -pbss=RAM \
  -pidata=CODE,irdata=CODE,ibigdata=CODE,ifardata=CODE -prparam=COMRAM \
  /tmp/xcSs72xQY/driver_tmp_9.o dist/default/production/Lab4.X.production.o 

Object code version is 3.11

Machine type is 18F4550



                Name                               Link     Load   Length Selector   Space Scale
/tmp/xcSs72xQY/driver_tmp_9.o
                idloc                            200000   200000        8        0       5
                config                           300000   300000        E        0       4
                init                                  E        E        4        4       0
                reset_vec                             0        0        4        0       0
dist/default/production/Lab4.X.production.o
                intcode                               8        8        6        4       0
                idloc                            200000   200000        8        0       5
                config                           300000   300000        E        0       4
                temp                                 37       37        1        1       1
                smallconst                          800      800       E2      400       0
                intcode_body                       13B8     13B8       2C      471       0
                text20                             147C     147C        A      A36       0
                text19                             146C     146C       10      A36       0
                text18                             11A2     11A2       78      471       0
                text17                             13E4     13E4       26      471       0
                text16                             1442     1442       18      471       0
                text15                             140A     140A       1E      471       0
                text14                             1290     1290       4A      471       0
                text13                             1352     1352       3A      471       0
                text12                             121A     121A       76      471       0
                text11                              E52      E52       C2      471       0
                text10                             1076     1076       AE      471       0
                text9                              1318     1318       3A      471       0
                text8                              138C     138C       2C      471       0
                text7                               F14      F14       B2      471       0
                text6                               C64      C64      10C      471       0
                text5                               D70      D70       E2      471       0
                text4                               FC6      FC6       B0      471       0
                text3                               8E2      8E2      20C      471       0
                text2                               AEE      AEE      176      471       0
                text1                              1428     1428       1A      471       0
                text0                              1124     1124       7E      471       0
                cstackCOMRAM                          1        1       1B        1       1
                dataCOMRAM                           1C       1C       11        1       1
                bssCOMRAM                            2D       2D        A        1       1
                cinit                              12DA     12DA       3E      471       0
                idataCOMRAM                        145A     145A       11      471       0

TOTAL           Name                               Link     Load   Length     Space
        CLASS   CODE           
                intcode                               8        8        6         0
                init                                  E        E        4         0
                reset_vec                             0        0        4         0
                intcode_body                       13B8     13B8       2C         0
                text20                             147C     147C        A         0
                text19                             146C     146C       10         0
                text18                             11A2     11A2       78         0
                text17                             13E4     13E4       26         0
                text16                             1442     1442       18         0
                text15                             140A     140A       1E         0
                text14                             1290     1290       4A         0
                text13                             1352     1352       3A         0
                text12                             121A     121A       76         0
                text11                              E52      E52       C2         0
                text10                             1076     1076       AE         0
                text9                              1318     1318       3A         0
                text8                              138C     138C       2C         0
                text7                               F14      F14       B2         0
                text6                               C64      C64      10C         0
                text5                               D70      D70       E2         0
                text4                               FC6      FC6       B0         0
                text3                               8E2      8E2      20C         0
                text2                               AEE      AEE      176         0
                text1                              1428     1428       1A         0
                text0                              1124     1124       7E         0
                cinit                              12DA     12DA       3E         0
                idataCOMRAM                        145A     145A       11         0

        CLASS   CONST          

        CLASS   SMALLCONST     
                smallconst                          800      800       E2         0

        CLASS   MEDIUMCONST    

        CLASS   COMRAM         
                temp                                 37       37        1         1
                cstackCOMRAM                          1        1       1B         1
                dataCOMRAM                           1C       1C       11         1
                bssCOMRAM                            2D       2D        A         1

        CLASS   ABS1           

        CLASS   BIGRAM         

        CLASS   RAM            

        CLASS   BANK0          

        CLASS   BANK1          

        CLASS   BANK2          

        CLASS   BANK3          

        CLASS   BANK4          

        CLASS   BANK5          

        CLASS   BANK6          

        CLASS   BANK7          

        CLASS   SFR            

        CLASS   BIGSFR         

        CLASS   CONFIG         
                config                           300000   300000        E         4

        CLASS   IDLOC          
                idloc                            200000   200000        8         5

        CLASS   EEDATA         

        CLASS   FARRAM         

        CLASS   HEAP           

        CLASS   STACK          



SEGMENTS        Name                           Load    Length   Top    Selector   Space  Class

                reset_vec                      000000  000004  000004         0       0  CODE    
                text3                          0008E2  000B89  00146B       471       0  CODE    
                text19                         00146C  00001A  001486       A36       0  CODE    
                cstackCOMRAM                   000001  000037  000038         1       1  COMRAM  
                intcode                        000008  00000A  000012         4       0  CODE    
                smallconst                     000800  0000E2  0008E2       400       0  SMALLCON


UNUSED ADDRESS RANGES

        Name                Unused          Largest block    Delta
        BANK0            000060-0000FF               A0
        BANK1            000100-0001FF              100
        BANK2            000200-0002FF              100
        BANK3            000300-0003FF              100
        BANK4            000400-0004FF              100
        BANK5            000500-0005FF              100
        BANK6            000600-0006FF              100
        BANK7            000700-0007FF              100
        BIGRAM           000038-0007FF              7C8
        BIGSFR           000F60-000FFF               A0
        CODE             000004-000007                4
                         000012-0007FF              7EE
                         00146B-00146B                1
                         001486-007FFF             6B7A
        COMRAM           000038-00005F               28
        CONST            000004-000007                4
                         000012-0007FF              7EE
                         00146B-00146B                1
                         001486-007FFF             6B7A
        EEDATA           F00000-F000FF              100
        MEDIUMCONST      00146B-00146B                1
                         001486-007FFF             6B7A
        RAM              000060-0007FF              100
        SFR              000F60-000FFF               A0
        SMALLCONST       00146B-00146B                1
                         001486-007FFF              100

                                  Symbol Table

?___awdiv                        cstackCOMRAM 000001
?___awmod                        cstackCOMRAM 000001
?_atoi                           cstackCOMRAM 000001
_INTCONbits                      (abs)        000FF2
_LATAbits                        (abs)        000F89
_LATB                            (abs)        000F8A
_LATDbits                        (abs)        000F8C
_OSCCON                          (abs)        000FD3
_OSCCONbits                      (abs)        000FD3
_PIE1bits                        (abs)        000F9D
_PIR1bits                        (abs)        000F9E
_PORTB                           (abs)        000F81
_PORTCbits                       (abs)        000F82
_T1CON                           (abs)        000FCD
_TMR1H                           (abs)        000FCF
_TMR1L                           (abs)        000FCE
_TRISAbits                       (abs)        000F92
_TRISB                           (abs)        000F93
_TRISCbits                       (abs)        000F94
_TRISDbits                       (abs)        000F95
__HRAM                           (abs)        000000
__H__absolute__                  __absolute__ 000000
__Habs1                          abs1         000000
__Hbank0                         bank0        000000
__Hbank1                         bank1        000000
__Hbank2                         bank2        000000
__Hbank3                         bank3        000000
__Hbank4                         bank4        000000
__Hbank5                         bank5        000000
__Hbank6                         bank6        000000
__Hbank7                         bank7        000000
__Hbigbss                        bigbss       000000
__Hbigdata                       bigdata      000000
__Hbigram                        bigram       000000
__Hbigsfr                        bigsfr       000000
__Hbss                           bss          000000
__HbssCOMRAM                     bssCOMRAM    000000
__Hcinit                         cinit        000000
__Hclrtext                       clrtext      000000
__Hcomram                        comram       000000
__Hconfig                        config       30000E
__Hconst                         const        000000
__HcstackCOMRAM                  cstackCOMRAM 000000
__Hdata                          data         000000
__HdataCOMRAM                    dataCOMRAM   000000
__Heeprom_data                   eeprom_data  000000
__Hfarbss                        farbss       000000
__Hfardata                       fardata      000000
__Hheap                          heap         000000
__Hibigdata                      ibigdata     000000
__Hidata                         idata        000000
__HidataCOMRAM                   idataCOMRAM  000000
__Hidloc                         idloc        200008
__Hifardata                      ifardata     000000
__Hinit                          init         000012
__Hintcode                       intcode      00000E
__Hintcode_body                  intcode_body 000000
__Hintcodelo                     intcodelo    000018
__Hintentry                      intentry     000000
__Hintret                        intret       000000
__Hintsave_regs                  intsave_regs 000000
__Hirdata                        irdata       000000
__Hmediumconst                   mediumconst  000000
__HnvFARRAM                      nvFARRAM     000000
__Hnvbit                         nvbit        000000
__Hnvrram                        nvrram       000000
__Hparam                         rparam       000000
__Hpowerup                       powerup      000000
__Hram                           ram          000000
__Hramtop                        ramtop       000800
__Hrbit                          rbit         000000
__Hrbss                          rbss         000000
__Hrdata                         rdata        000000
__Hreset_vec                     reset_vec    000004
__Hrparam                        rparam       000000
__Hsfr                           sfr          000000
__Hsivt_hi                       sivt_hi      000000
__Hsivt_lo                       sivt_lo      000018
__Hsmallconst                    smallconst   0008E2
__Hspace_0                       (abs)        001486
__Hspace_1                       (abs)        000038
__Hspace_2                       (abs)        000000
__Hspace_4                       (abs)        60000E
__Hstack                         stack        000000
__Hstruct                        struct       000000
__Htemp                          temp         000038
__Htext                          text         000000
__Htext0                         text0        000000
__Htext1                         text1        000000
__Htext10                        text10       000000
__Htext11                        text11       000000
__Htext12                        text12       000000
__Htext13                        text13       000000
__Htext14                        text14       000000
__Htext15                        text15       000000
__Htext16                        text16       000000
__Htext17                        text17       000000
__Htext18                        text18       000000
__Htext19                        text19       000000
__Htext2                         text2        000000
__Htext20                        text20       000000
__Htext3                         text3        000000
__Htext4                         text4        000000
__Htext5                         text5        000000
__Htext6                         text6        000000
__Htext7                         text7        000000
__Htext8                         text8        000000
__Htext9                         text9        000000
__LRAM                           (abs)        000001
__L__absolute__                  __absolute__ 000000
__Labs1                          abs1         000000
__Lbank0                         bank0        000000
__Lbank1                         bank1        000000
__Lbank2                         bank2        000000
__Lbank3                         bank3        000000
__Lbank4                         bank4        000000
__Lbank5                         bank5        000000
__Lbank6                         bank6        000000
__Lbank7                         bank7        000000
__Lbigbss                        bigbss       000000
__Lbigdata                       bigdata      000000
__Lbigram                        bigram       000000
__Lbigsfr                        bigsfr       000000
__Lbss                           bss          000000
__LbssCOMRAM                     bssCOMRAM    000000
__Lcinit                         cinit        000000
__Lclrtext                       clrtext      000000
__Lcomram                        comram       000000
__Lconfig                        config       000000
__Lconst                         const        000000
__LcstackCOMRAM                  cstackCOMRAM 000000
__Ldata                          data         000000
__LdataCOMRAM                    dataCOMRAM   000000
__Leeprom_data                   eeprom_data  000000
__Lfarbss                        farbss       000000
__Lfardata                       fardata      000000
__Lheap                          heap         000000
__Libigdata                      ibigdata     000000
__Lidata                         idata        000000
__LidataCOMRAM                   idataCOMRAM  000000
__Lidloc                         idloc        000000
__Lifardata                      ifardata     000000
__Linit                          init         00000E
__Lintcode                       intcode      000008
__Lintcode_body                  intcode_body 000000
__Lintcodelo                     intcodelo    000018
__Lintentry                      intentry     000000
__Lintret                        intret       000000
__Lintsave_regs                  intsave_regs 000000
__Lirdata                        irdata       000000
__Lmediumconst                   mediumconst  000000
__LnvFARRAM                      nvFARRAM     000000
__Lnvbit                         nvbit        000000
__Lnvrram                        nvrram       000000
__Lparam                         rparam       000000
__Lpowerup                       powerup      000000
__Lram                           ram          000000
__Lramtop                        ramtop       000800
__Lrbit                          rbit         000000
__Lrbss                          rbss         000000
__Lrdata                         rdata        000000
__Lreset_vec                     reset_vec    000000
__Lrparam                        rparam       000000
__Lsfr                           sfr          000000
__Lsivt_hi                       sivt_hi      000000
__Lsivt_lo                       sivt_lo      000018
__Lsmallconst                    smallconst   000800
__Lspace_0                       (abs)        000000
__Lspace_1                       (abs)        000000
__Lspace_2                       (abs)        000000
__Lspace_4                       (abs)        000000
__Lstack                         stack        000000
__Lstruct                        struct       000000
__Ltemp                          temp         000037
__Ltext                          text         000000
__Ltext0                         text0        000000
__Ltext1                         text1        000000
__Ltext10                        text10       000000
__Ltext11                        text11       000000
__Ltext12                        text12       000000
__Ltext13                        text13       000000
__Ltext14                        text14       000000
__Ltext15                        text15       000000
__Ltext16                        text16       000000
__Ltext17                        text17       000000
__Ltext18                        text18       000000
__Ltext19                        text19       000000
__Ltext2                         text2        000000
__Ltext20                        text20       000000
__Ltext3                         text3        000000
__Ltext4                         text4        000000
__Ltext5                         text5        000000
__Ltext6                         text6        000000
__Ltext7                         text7        000000
__Ltext8                         text8        000000
__Ltext9                         text9        000000
__S0                             (abs)        001486
__S1                             (abs)        000038
__S4                             (abs)        000000
__S5                             (abs)        000000
___awdiv                         text11       000E52
___awdiv@counter                 cstackCOMRAM 000005
___awdiv@dividend                cstackCOMRAM 000001
___awdiv@divisor                 cstackCOMRAM 000003
___awdiv@quotient                cstackCOMRAM 000007
___awdiv@sign                    cstackCOMRAM 000006
___awmod                         text10       001076
___awmod@counter                 cstackCOMRAM 000005
___awmod@dividend                cstackCOMRAM 000001
___awmod@divisor                 cstackCOMRAM 000003
___awmod@sign                    cstackCOMRAM 000006
___heap_hi                       (abs)        000000
___heap_lo                       (abs)        000000
___inthi_sp                      stack        000000
___inthi_stack_hi                stack        000000
___inthi_stack_lo                stack        000000
___intlo_sp                      stack        000000
___intlo_stack_hi                stack        000000
___intlo_stack_lo                stack        000000
___param_bank                    (abs)        000000
___rparam_used                   (abs)        000001
___sp                            stack        000000
___stack_hi                      stack        000000
___stack_lo                      stack        000000
__accesstop                      (abs)        000060
__activetblptr                   (abs)        000001
__end_of___awdiv                 text11       000F14
__end_of___awmod                 text10       001124
__end_of__initialization         cinit        001306
__end_of_atoi                    text6        000D70
__end_of_count_update_screen     text7        000FC6
__end_of_get_valid_input_count   text3        000AEE
__end_of_isr                     intcode_body 0013E4
__end_of_keymap                  smallconst   000811
__end_of_keypad_get_key          text5        000E52
__end_of_keypad_init             text20       001486
__end_of_lcd_clear               text16       00145A
__end_of_lcd_cmd                 text17       00140A
__end_of_lcd_create_char         text14       0012DA
__end_of_lcd_data                text15       001428
__end_of_lcd_init                text12       001290
__end_of_lcd_pulse               text19       00147C
__end_of_lcd_send_nibble         text18       00121A
__end_of_lcd_set_cursor          text9        001352
__end_of_lcd_write               text8        0013B8
__end_of_load_custom_characters  text13       00138C
__end_of_loop                    text2        000C64
__end_of_main                    text0        0011A2
__end_of_set_status              text4        001076
__end_of_timer_init              text1        001442
__initialization                 cinit        0012DA
__mediumconst                    smallconst   000800
__pbssCOMRAM                     bssCOMRAM    00002D
__pcinit                         cinit        0012DA
__pcstackCOMRAM                  cstackCOMRAM 000001
__pdataCOMRAM                    dataCOMRAM   00001C
__pidataCOMRAM                   idataCOMRAM  00145A
__pintcode                       intcode      000008
__pintcode_body                  intcode_body 0013B8
__psmallconst                    smallconst   000800
__ptext0                         text0        001124
__ptext1                         text1        001428
__ptext10                        text10       001076
__ptext11                        text11       000E52
__ptext12                        text12       00121A
__ptext13                        text13       001352
__ptext14                        text14       001290
__ptext15                        text15       00140A
__ptext16                        text16       001442
__ptext17                        text17       0013E4
__ptext18                        text18       0011A2
__ptext19                        text19       00146C
__ptext2                         text2        000AEE
__ptext20                        text20       00147C
__ptext3                         text3        0008E2
__ptext4                         text4        000FC6
__ptext5                         text5        000D70
__ptext6                         text6        000C64
__ptext7                         text7        000F14
__ptext8                         text8        00138C
__ptext9                         text9        001318
__ramtop                         ramtop       000800
__smallconst                     smallconst   000800
_atoi                            text6        000C64
_count_update_screen             text7        000F14
_get_valid_input_count           text3        0008E2
_int0_triggered                  bssCOMRAM    000034
_isr                             intcode      000008
_keymap                          smallconst   000801
_keypad_get_key                  text5        000D70
_keypad_init                     text20       00147C
_lcd_clear                       text16       001442
_lcd_cmd                         text17       0013E4
_lcd_create_char                 text14       001290
_lcd_data                        text15       00140A
_lcd_init                        text12       00121A
_lcd_pulse                       text19       00146C
_lcd_send_nibble                 text18       0011A2
_lcd_set_cursor                  text9        001318
_lcd_set_cursor$662              cstackCOMRAM 000007
_lcd_write                       text8        00138C
_led_estado                      bssCOMRAM    000032
_led_lbk_estado                  bssCOMRAM    000030
_load_custom_characters          text13       001352
_loop                            text2        000AEE
_main                            text0        001124
_piezas_contadas                 bssCOMRAM    000036
_piezas_objetivo                 bssCOMRAM    000035
_set_status                      text4        000FC6
_status                          dataCOMRAM   00002C
_timer_init                      text1        001428
atoi@n                           cstackCOMRAM 000007
atoi@neg                         cstackCOMRAM 000006
atoi@s                           cstackCOMRAM 000001
btemp                            temp         000037
end_of_initialization            cinit        001306
get_valid_input_count@buffer     cstackCOMRAM 00000D
get_valid_input_count@index      cstackCOMRAM 000012
get_valid_input_count@key        cstackCOMRAM 000014
get_valid_input_count@value      cstackCOMRAM 000010
int$flags                        temp         000037
int_func                         intcode_body 0013B8
intlevel0                        text         000000
intlevel1                        text         000000
intlevel2                        text         000000
intlevel3                        text         000000
isa$std                          (abs)        000001
isa$xinst                        (abs)        000000
keypad_get_key@col               cstackCOMRAM 000004
keypad_get_key@row               cstackCOMRAM 000003
lcd_cmd@cmd                      cstackCOMRAM 000004
lcd_create_char@charmap          cstackCOMRAM 000005
lcd_create_char@i                cstackCOMRAM 000007
lcd_create_char@location         cstackCOMRAM 000006
lcd_data@data                    cstackCOMRAM 000003
lcd_send_nibble@nibble           cstackCOMRAM 000002
lcd_set_cursor@addr              cstackCOMRAM 000009
lcd_set_cursor@col               cstackCOMRAM 000005
lcd_set_cursor@row               cstackCOMRAM 000006
lcd_write@str                    cstackCOMRAM 000004
load_custom_characters@F3248     dataCOMRAM   000024
load_custom_characters@F3250     dataCOMRAM   00001C
load_custom_characters@cool_dude cstackCOMRAM 000011
load_custom_characters@smiley    cstackCOMRAM 000009
loop@key                         cstackCOMRAM 000015
set_status@new_status            cstackCOMRAM 00000A
stackhi                          (abs)        000000
stacklo                          (abs)        000000
start                            init         00000E
start_initialization             cinit        0012DA
ttemp5                           temp         000038
ttemp6                           temp         00003B
ttemp7                           temp         00003F
wtemp8                           temp         000038


MODULE INFORMATION

Module		Function		Class		Link	Load	Size
keypad.c
		_keypad_init   		CODE           	147C	0000	10
		_keypad_get_key		CODE           	0D70	0000	226

keypad.c estimated size: 236

/Applications/microchip/xc8/v3.00/pic/sources/c99/common/awmod.c
		___awmod       		CODE           	1076	0000	174

/Applications/microchip/xc8/v3.00/pic/sources/c99/common/awmod.c estimated size: 174

/Applications/microchip/xc8/v3.00/pic/sources/c99/common/atoi.c
		_atoi          		CODE           	0C64	0000	268

/Applications/microchip/xc8/v3.00/pic/sources/c99/common/atoi.c estimated size: 268

shared
		_keymap        		SMALLCONST     	0801	0000	16
		__initialization		CODE           	12DA	0000	44

shared estimated size: 60

/Applications/microchip/xc8/v3.00/pic/sources/c99/common/awdiv.c
		___awdiv       		CODE           	0E52	0000	194

/Applications/microchip/xc8/v3.00/pic/sources/c99/common/awdiv.c estimated size: 194

lcd.c
		_lcd_create_char		CODE           	1290	0000	74
		_lcd_cmd       		CODE           	13E4	0000	38
		_lcd_data      		CODE           	140A	0000	30
		_load_custom_characters		CODE           	1352	0000	58
		_lcd_set_cursor		CODE           	1318	0000	58
		_lcd_clear     		CODE           	1442	0000	24
		_lcd_send_nibble		CODE           	11A2	0000	120
		_lcd_pulse     		CODE           	146C	0000	16
		_lcd_write     		CODE           	138C	0000	44
		_lcd_init      		CODE           	121A	0000	118

lcd.c estimated size: 580

main.c
		_loop          		CODE           	0AEE	0000	374
		_set_status    		CODE           	0FC6	0000	176
		_count_update_screen		CODE           	0F14	0000	178
		_main          		CODE           	1124	0000	126
		_get_valid_input_count		CODE           	08E2	0000	524
		_timer_init    		CODE           	1428	0000	26
		_isr           		CODE           	0008	0000	50

main.c estimated size: 1454

